
> get-connected-ai@0.1.0 build
> next build

node.exe : 
At line:1 char:1
+ & "C:\Program 
Files\nodejs/node.exe" 
"C:\Program 
Files\nodejs/node_mo 
...
+ ~~~~~~~~~~~~~~~~~~~~~
~~~~~~~~~~~~~~~~~~~~~~~
~~~~~~~~~~~~~~~~~~~~~~~
~~
    + CategoryInfo     
         : 
NotSpecified: (:St    
ring) [], RemoteExcept 
   ion
    + 
FullyQualifiedErrorI   
 d : NativeCommandError
 
> Build error occurred
Error: EPERM: 
operation not 
permitted, unlink 'C:\U
sers\sande\OneDrive\Des
ktop\AI Agent\get-conne
cted-ai\.next\static\A8
ELvNDzFFbjXlW2c6J-3'
    at ignore-listed 
frames {
  errno: -4048,
  code: 'EPERM',
  syscall: 'unlink',
  path: 'C:\\Users\\san
de\\OneDrive\\Desktop\\
AI Agent\\get-connected
-ai\\.next\\static\\A8E
LvNDzFFbjXlW2c6J-3'
}
